2025-04-21 14:27:38,558 - src.gameplay_systems.ai.tactical_executor - DEBUG - TacticalExecutor initialized.
2025-04-21 14:27:38,558 - src.gameplay_systems.ai.tactical_executor - DEBUG - Using provided CombatSystem.
2025-04-21 14:27:38,558 - src.gameplay_systems.ai.tactical_executor - DEBUG - Using provided HealingSystem.
2025-04-21 14:27:38,558 - src.gameplay_systems.ai.tactical_executor - DEBUG - TacticalExecutor initialized.
2025-04-21 14:27:38,558 - src.gameplay_systems.ai.tactical_executor - DEBUG - Using MockCombatSystem.
2025-04-21 14:27:38,559 - src.gameplay_systems.ai.tactical_executor - DEBUG - Using MockHealingSystem.
2025-04-21 14:27:38,566 - src.gameplay_systems.ai.tactical_executor - DEBUG - ENTERING: determine_action_for_goal for Unit LEIF with goal AttackUnitGoal, target_unit_id: LEIF
2025-04-21 14:27:38,567 - src.gameplay_systems.ai.tactical_executor - INFO - Tactical Execution: Unit LEIF executing goal AttackUnitGoal, target_unit_id: LEIF
2025-04-21 14:27:38,567 - src.gameplay_systems.ai.tactical_executor - WARNING - _handle_attack_unit_goal: Unit LEIF is attempting to target itself. Skipping.
2025-04-21 14:27:38,567 - src.gameplay_systems.ai.tactical_executor - DEBUG - EXITING: _handle_attack_unit_goal for unit LEIF - returning None (self-targeting)
2025-04-21 14:27:38,567 - src.gameplay_systems.ai.tactical_executor - WARNING - No valid action determined for unit LEIF with goal AttackUnitGoal, target_unit_id: LEIF
2025-04-21 14:27:38,567 - src.gameplay_systems.ai.tactical_executor - DEBUG - EXITING: determine_action_for_goal for Unit LEIF - returning None
2025-04-21 14:27:38,567 - AI_SYSTEM - WARNING - No valid action found for Leif
2025-04-21 14:27:38,567 - src.gameplay_systems.ai.tactical_executor - DEBUG - ENTERING: determine_action_for_goal for Unit FINN with goal SecurePositionGoal
2025-04-21 14:27:38,567 - src.gameplay_systems.ai.tactical_executor - INFO - Tactical Execution: Unit FINN executing goal SecurePositionGoal
2025-04-21 14:27:38,567 - src.gameplay_systems.ai.tactical_executor - DEBUG - ENTERING: _handle_secure_position_goal for unit FINN
2025-04-21 14:27:38,573 - src.gameplay_systems.ai.tactical_executor - WARNING - SecurePositionGoal: Could not get tile info for current position (2, 4) for unit FINN.
2025-04-21 14:27:38,574 - src.gameplay_systems.ai.tactical_executor - WARNING - SecurePositionGoal: Could not get tile info for reachable tile (4, 0) for unit FINN.
2025-04-21 14:27:38,574 - src.gameplay_systems.ai.tactical_executor - WARNING - SecurePositionGoal: Could not get tile info for reachable tile (3, 4) for unit FINN.
2025-04-21 14:27:38,574 - src.gameplay_systems.ai.tactical_executor - WARNING - SecurePositionGoal: Could not get tile info for reachable tile (4, 3) for unit FINN.
2025-04-21 14:27:38,574 - src.gameplay_systems.ai.tactical_executor - WARNING - SecurePositionGoal: Could not get tile info for reachable tile (3, 1) for unit FINN.
2025-04-21 14:27:38,574 - src.gameplay_systems.ai.tactical_executor - DEBUG - SecurePositionGoal: Evaluating tile (3, 7) score: -19 (Def: 1, Avo: 20)
2025-04-21 14:27:38,574 - src.gameplay_systems.ai.tactical_executor - DEBUG - SecurePositionGoal: Evaluating tile (5, 4) score: 0 (Def: 0, Avo: 0)
2025-04-21 14:27:38,574 - src.gameplay_systems.ai.tactical_executor - WARNING - SecurePositionGoal: Could not get tile info for reachable tile (4, 6) for unit FINN.
2025-04-21 14:27:38,574 - src.gameplay_systems.ai.tactical_executor - WARNING - SecurePositionGoal: Could not get tile info for reachable tile (4, 9) for unit FINN.
2025-04-21 14:27:38,574 - src.gameplay_systems.ai.tactical_executor - WARNING - SecurePositionGoal: Could not get tile info for reachable tile (5, 1) for unit FINN.
2025-04-21 14:27:38,574 - src.gameplay_systems.ai.tactical_executor - WARNING - SecurePositionGoal: Could not get tile info for reachable tile (5, 7) for unit FINN.
2025-04-21 14:27:38,574 - src.gameplay_systems.ai.tactical_executor - WARNING - SecurePositionGoal: Could not get tile info for reachable tile (0, 2) for unit FINN.
2025-04-21 14:27:38,574 - src.gameplay_systems.ai.tactical_executor - WARNING - SecurePositionGoal: Could not get tile info for reachable tile (0, 5) for unit FINN.
2025-04-21 14:27:38,574 - src.gameplay_systems.ai.tactical_executor - WARNING - SecurePositionGoal: Could not get tile info for reachable tile (1, 0) for unit FINN.
2025-04-21 14:27:38,574 - src.gameplay_systems.ai.tactical_executor - WARNING - SecurePositionGoal: Could not get tile info for reachable tile (1, 6) for unit FINN.
2025-04-21 14:27:38,574 - src.gameplay_systems.ai.tactical_executor - WARNING - SecurePositionGoal: Could not get tile info for reachable tile (0, 8) for unit FINN.
2025-04-21 14:27:38,574 - src.gameplay_systems.ai.tactical_executor - WARNING - SecurePositionGoal: Could not get tile info for reachable tile (2, 5) for unit FINN.
2025-04-21 14:27:38,574 - src.gameplay_systems.ai.tactical_executor - WARNING - SecurePositionGoal: Could not get tile info for reachable tile (1, 3) for unit FINN.
2025-04-21 14:27:38,574 - src.gameplay_systems.ai.tactical_executor - WARNING - SecurePositionGoal: Could not get tile info for reachable tile (7, 4) for unit FINN.
2025-04-21 14:27:38,575 - src.gameplay_systems.ai.tactical_executor - WARNING - SecurePositionGoal: Could not get tile info for reachable tile (4, 2) for unit FINN.
2025-04-21 14:27:38,575 - src.gameplay_systems.ai.tactical_executor - WARNING - SecurePositionGoal: Could not get tile info for reachable tile (3, 0) for unit FINN.
2025-04-21 14:27:38,575 - src.gameplay_systems.ai.tactical_executor - DEBUG - SecurePositionGoal: Evaluating tile (4, 5) score: 0 (Def: 0, Avo: 0)
2025-04-21 14:27:38,575 - src.gameplay_systems.ai.tactical_executor - WARNING - SecurePositionGoal: Could not get tile info for reachable tile (3, 3) for unit FINN.
2025-04-21 14:27:38,575 - src.gameplay_systems.ai.tactical_executor - WARNING - SecurePositionGoal: Could not get tile info for reachable tile (5, 0) for unit FINN.
2025-04-21 14:27:38,575 - src.gameplay_systems.ai.tactical_executor - WARNING - SecurePositionGoal: Could not get tile info for reachable tile (4, 8) for unit FINN.
2025-04-21 14:27:38,575 - src.gameplay_systems.ai.tactical_executor - WARNING - SecurePositionGoal: Could not get tile info for reachable tile (3, 6) for unit FINN.
2025-04-21 14:27:38,575 - src.gameplay_systems.ai.tactical_executor - WARNING - SecurePositionGoal: Could not get tile info for reachable tile (5, 3) for unit FINN.
2025-04-21 14:27:38,575 - src.gameplay_systems.ai.tactical_executor - WARNING - SecurePositionGoal: Could not get tile info for reachable tile (0, 1) for unit FINN.
2025-04-21 14:27:38,575 - src.gameplay_systems.ai.tactical_executor - WARNING - SecurePositionGoal: Could not get tile info for reachable tile (0, 7) for unit FINN.
2025-04-21 14:27:38,575 - src.gameplay_systems.ai.tactical_executor - WARNING - SecurePositionGoal: Could not get tile info for reachable tile (2, 4) for unit FINN.
2025-04-21 14:27:38,575 - src.gameplay_systems.ai.tactical_executor - DEBUG - SecurePositionGoal: Evaluating tile (1, 2) score: -19 (Def: 1, Avo: 20)
2025-04-21 14:27:38,575 - src.gameplay_systems.ai.tactical_executor - WARNING - SecurePositionGoal: Could not get tile info for reachable tile (0, 4) for unit FINN.
2025-04-21 14:27:38,575 - src.gameplay_systems.ai.tactical_executor - WARNING - SecurePositionGoal: Could not get tile info for reachable tile (1, 5) for unit FINN.
2025-04-21 14:27:38,575 - src.gameplay_systems.ai.tactical_executor - WARNING - SecurePositionGoal: Could not get tile info for reachable tile (6, 1) for unit FINN.
2025-04-21 14:27:38,575 - src.gameplay_systems.ai.tactical_executor - WARNING - SecurePositionGoal: Could not get tile info for reachable tile (6, 4) for unit FINN.
2025-04-21 14:27:38,575 - src.gameplay_systems.ai.tactical_executor - DEBUG - SecurePositionGoal: Evaluating tile (3, 2) score: -19 (Def: 1, Avo: 20)
2025-04-21 14:27:38,575 - src.gameplay_systems.ai.tactical_executor - WARNING - SecurePositionGoal: Could not get tile info for reachable tile (4, 1) for unit FINN.
2025-04-21 14:27:38,575 - src.gameplay_systems.ai.tactical_executor - WARNING - SecurePositionGoal: Could not get tile info for reachable tile (4, 7) for unit FINN.
2025-04-21 14:27:38,575 - src.gameplay_systems.ai.tactical_executor - WARNING - SecurePositionGoal: Could not get tile info for reachable tile (3, 5) for unit FINN.
2025-04-21 14:27:38,575 - src.gameplay_systems.ai.tactical_executor - WARNING - SecurePositionGoal: Could not get tile info for reachable tile (5, 2) for unit FINN.
2025-04-21 14:27:38,575 - src.gameplay_systems.ai.tactical_executor - WARNING - SecurePositionGoal: Could not get tile info for reachable tile (3, 8) for unit FINN.
2025-04-21 14:27:38,575 - src.gameplay_systems.ai.tactical_executor - WARNING - SecurePositionGoal: Could not get tile info for reachable tile (0, 0) for unit FINN.
2025-04-21 14:27:38,576 - src.gameplay_systems.ai.tactical_executor - WARNING - SecurePositionGoal: Could not get tile info for reachable tile (5, 8) for unit FINN.
2025-04-21 14:27:38,576 - src.gameplay_systems.ai.tactical_executor - WARNING - SecurePositionGoal: Could not get tile info for reachable tile (0, 3) for unit FINN.
2025-04-21 14:27:38,576 - src.gameplay_systems.ai.tactical_executor - WARNING - SecurePositionGoal: Could not get tile info for reachable tile (0, 9) for unit FINN.
2025-04-21 14:27:38,576 - src.gameplay_systems.ai.tactical_executor - WARNING - SecurePositionGoal: Could not get tile info for reachable tile (1, 4) for unit FINN.
2025-04-21 14:27:38,576 - src.gameplay_systems.ai.tactical_executor - WARNING - SecurePositionGoal: Could not get tile info for reachable tile (0, 6) for unit FINN.
2025-04-21 14:27:38,576 - src.gameplay_systems.ai.tactical_executor - DEBUG - SecurePositionGoal: Evaluating tile (2, 3) score: -19 (Def: 1, Avo: 20)
2025-04-21 14:27:38,576 - src.gameplay_systems.ai.tactical_executor - DEBUG - SecurePositionGoal: Evaluating tile (1, 7) score: -19 (Def: 1, Avo: 20)
2025-04-21 14:27:38,576 - src.gameplay_systems.ai.tactical_executor - DEBUG - SecurePositionGoal: Evaluating tile (2, 6) score: -19 (Def: 1, Avo: 20)
2025-04-21 14:27:38,576 - src.gameplay_systems.ai.tactical_executor - WARNING - SecurePositionGoal: Could not get tile info for reachable tile (6, 3) for unit FINN.
2025-04-21 14:27:38,576 - src.gameplay_systems.ai.tactical_executor - DEBUG - SecurePositionGoal: Best defensive tile found: (2, 4) with score 0
2025-04-21 14:27:38,576 - src.gameplay_systems.ai.tactical_executor - INFO - SecurePositionGoal: Unit FINN already at best position (2, 4). Waiting.
2025-04-21 14:27:38,576 - src.gameplay_systems.ai.tactical_executor - DEBUG - EXITING: _handle_secure_position_goal for unit FINN - returning WAIT
2025-04-21 14:27:38,576 - src.gameplay_systems.ai.tactical_executor - INFO - Final action determined for unit FINN: WAIT
2025-04-21 14:27:38,576 - src.gameplay_systems.ai.tactical_executor - DEBUG - EXITING: determine_action_for_goal for Unit FINN - returning action WAIT
2025-04-21 14:27:38,576 - root - WARNING - CoreTurnManager not available for fatigue recording.
2025-04-21 14:27:38,577 - src.gameplay_systems.ai.tactical_executor - DEBUG - ENTERING: determine_action_for_goal for Unit NANNA with goal HealUnitGoal, target_unit_id: MAREETA
2025-04-21 14:27:38,577 - src.gameplay_systems.ai.tactical_executor - INFO - Tactical Execution: Unit NANNA executing goal HealUnitGoal, target_unit_id: MAREETA
2025-04-21 14:27:38,583 - src.gameplay_systems.ai.tactical_executor - INFO - Final movement decision for NANNA: Move to (5, 4) to approach heal target MAREETA
2025-04-21 14:27:38,583 - src.gameplay_systems.ai.tactical_executor - INFO - Final action determined for unit NANNA: MOVE, path: [(3, 3), (4, 3), (4, 4), (5, 4)]
2025-04-21 14:27:38,583 - src.gameplay_systems.ai.tactical_executor - DEBUG - EXITING: determine_action_for_goal for Unit NANNA - returning action MOVE
2025-04-21 14:27:38,583 - root - WARNING - CoreTurnManager not available for fatigue recording.
2025-04-21 14:27:38,583 - src.gameplay_systems.ai.tactical_executor - DEBUG - ENTERING: determine_action_for_goal for Unit HALVAN with goal AdvanceToObjectiveGoal
2025-04-21 14:27:38,583 - src.gameplay_systems.ai.tactical_executor - INFO - Tactical Execution: Unit HALVAN executing goal AdvanceToObjectiveGoal
2025-04-21 14:27:38,584 - src.gameplay_systems.ai.tactical_executor - DEBUG - ENTERING: _handle_advance_to_objective_goal for unit HALVAN
2025-04-21 14:27:38,584 - src.gameplay_systems.ai.tactical_executor - ERROR - AdvanceToObjectiveGoal: Missing 'target_position' in goal parameters for unit HALVAN.
2025-04-21 14:27:38,584 - src.gameplay_systems.ai.tactical_executor - DEBUG - EXITING: _handle_advance_to_objective_goal for unit HALVAN - returning None (missing target)
2025-04-21 14:27:38,584 - src.gameplay_systems.ai.tactical_executor - WARNING - No valid action determined for unit HALVAN with goal AdvanceToObjectiveGoal
2025-04-21 14:27:38,584 - src.gameplay_systems.ai.tactical_executor - DEBUG - EXITING: determine_action_for_goal for Unit HALVAN - returning None
2025-04-21 14:27:38,584 - AI_SYSTEM - WARNING - No valid action found for Halvan
2025-04-21 14:27:38,584 - src.gameplay_systems.ai.tactical_executor - DEBUG - ENTERING: determine_action_for_goal for Unit MAREETA with goal AttackUnitGoal, target_unit_id: NANNA
2025-04-21 14:27:38,584 - src.gameplay_systems.ai.tactical_executor - INFO - Tactical Execution: Unit MAREETA executing goal AttackUnitGoal, target_unit_id: NANNA
2025-04-21 14:27:38,588 - src.gameplay_systems.ai.tactical_executor - INFO - Final movement decision for MAREETA: Move to (6, 4) to approach target NANNA
2025-04-21 14:27:38,588 - src.gameplay_systems.ai.tactical_executor - INFO - Final action determined for unit MAREETA: MOVE, path: [(6, 5), (6, 4)]
2025-04-21 14:27:38,588 - src.gameplay_systems.ai.tactical_executor - DEBUG - EXITING: determine_action_for_goal for Unit MAREETA - returning action MOVE
2025-04-21 14:27:38,588 - root - WARNING - CoreTurnManager not available for fatigue recording.
2025-04-21 14:27:38,588 - src.gameplay_systems.ai.tactical_executor - DEBUG - ENTERING: determine_action_for_goal for Unit DAGDAR with goal SecurePositionGoal
2025-04-21 14:27:38,588 - src.gameplay_systems.ai.tactical_executor - INFO - Tactical Execution: Unit DAGDAR executing goal SecurePositionGoal
2025-04-21 14:27:38,588 - src.gameplay_systems.ai.tactical_executor - DEBUG - ENTERING: _handle_secure_position_goal for unit DAGDAR
2025-04-21 14:27:38,591 - src.gameplay_systems.ai.tactical_executor - WARNING - SecurePositionGoal: Could not get tile info for current position (7, 5) for unit DAGDAR.
2025-04-21 14:27:38,591 - src.gameplay_systems.ai.tactical_executor - WARNING - SecurePositionGoal: Could not get tile info for reachable tile (4, 6) for unit DAGDAR.
2025-04-21 14:27:38,591 - src.gameplay_systems.ai.tactical_executor - WARNING - SecurePositionGoal: Could not get tile info for reachable tile (9, 2) for unit DAGDAR.
2025-04-21 14:27:38,591 - src.gameplay_systems.ai.tactical_executor - WARNING - SecurePositionGoal: Could not get tile info for reachable tile (5, 7) for unit DAGDAR.
2025-04-21 14:27:38,591 - src.gameplay_systems.ai.tactical_executor - WARNING - SecurePositionGoal: Could not get tile info for reachable tile (9, 5) for unit DAGDAR.
2025-04-21 14:27:38,591 - src.gameplay_systems.ai.tactical_executor - WARNING - SecurePositionGoal: Could not get tile info for reachable tile (8, 3) for unit DAGDAR.
2025-04-21 14:27:38,591 - src.gameplay_systems.ai.tactical_executor - WARNING - SecurePositionGoal: Could not get tile info for reachable tile (9, 8) for unit DAGDAR.
2025-04-21 14:27:38,591 - src.gameplay_systems.ai.tactical_executor - WARNING - SecurePositionGoal: Could not get tile info for reachable tile (8, 6) for unit DAGDAR.
2025-04-21 14:27:38,591 - src.gameplay_systems.ai.tactical_executor - WARNING - SecurePositionGoal: Could not get tile info for reachable tile (7, 4) for unit DAGDAR.
2025-04-21 14:27:38,591 - src.gameplay_systems.ai.tactical_executor - DEBUG - SecurePositionGoal: Evaluating tile (6, 2) score: -19 (Def: 1, Avo: 20)
2025-04-21 14:27:38,591 - src.gameplay_systems.ai.tactical_executor - WARNING - SecurePositionGoal: Could not get tile info for reachable tile (6, 5) for unit DAGDAR.
2025-04-21 14:27:38,591 - src.gameplay_systems.ai.tactical_executor - WARNING - SecurePositionGoal: Could not get tile info for reachable tile (6, 8) for unit DAGDAR.
2025-04-21 14:27:38,591 - src.gameplay_systems.ai.tactical_executor - DEBUG - SecurePositionGoal: Evaluating tile (4, 5) score: 0 (Def: 0, Avo: 0)
2025-04-21 14:27:38,592 - src.gameplay_systems.ai.tactical_executor - WARNING - SecurePositionGoal: Could not get tile info for reachable tile (5, 6) for unit DAGDAR.
2025-04-21 14:27:38,592 - src.gameplay_systems.ai.tactical_executor - WARNING - SecurePositionGoal: Could not get tile info for reachable tile (3, 6) for unit DAGDAR.
2025-04-21 14:27:38,592 - src.gameplay_systems.ai.tactical_executor - WARNING - SecurePositionGoal: Could not get tile info for reachable tile (5, 3) for unit DAGDAR.
2025-04-21 14:27:38,592 - src.gameplay_systems.ai.tactical_executor - DEBUG - SecurePositionGoal: Evaluating tile (8, 2) score: -19 (Def: 1, Avo: 20)
2025-04-21 14:27:38,592 - src.gameplay_systems.ai.tactical_executor - WARNING - SecurePositionGoal: Could not get tile info for reachable tile (9, 7) for unit DAGDAR.
2025-04-21 14:27:38,592 - src.gameplay_systems.ai.tactical_executor - WARNING - SecurePositionGoal: Could not get tile info for reachable tile (8, 5) for unit DAGDAR.
2025-04-21 14:27:38,592 - src.gameplay_systems.ai.tactical_executor - WARNING - SecurePositionGoal: Could not get tile info for reachable tile (9, 4) for unit DAGDAR.
2025-04-21 14:27:38,592 - src.gameplay_systems.ai.tactical_executor - WARNING - SecurePositionGoal: Could not get tile info for reachable tile (6, 4) for unit DAGDAR.
2025-04-21 14:27:38,592 - src.gameplay_systems.ai.tactical_executor - DEBUG - SecurePositionGoal: Evaluating tile (7, 3) score: -19 (Def: 1, Avo: 20)
2025-04-21 14:27:38,592 - src.gameplay_systems.ai.tactical_executor - DEBUG - SecurePositionGoal: Evaluating tile (6, 7) score: -19 (Def: 1, Avo: 20)
2025-04-21 14:27:38,592 - src.gameplay_systems.ai.tactical_executor - DEBUG - SecurePositionGoal: Evaluating tile (7, 6) score: -19 (Def: 1, Avo: 20)
2025-04-21 14:27:38,592 - src.gameplay_systems.ai.tactical_executor - WARNING - SecurePositionGoal: Could not get tile info for reachable tile (4, 7) for unit DAGDAR.
2025-04-21 14:27:38,592 - src.gameplay_systems.ai.tactical_executor - WARNING - SecurePositionGoal: Could not get tile info for reachable tile (5, 2) for unit DAGDAR.
2025-04-21 14:27:38,592 - src.gameplay_systems.ai.tactical_executor - WARNING - SecurePositionGoal: Could not get tile info for reachable tile (8, 4) for unit DAGDAR.
2025-04-21 14:27:38,592 - src.gameplay_systems.ai.tactical_executor - WARNING - SecurePositionGoal: Could not get tile info for reachable tile (9, 3) for unit DAGDAR.
2025-04-21 14:27:38,592 - src.gameplay_systems.ai.tactical_executor - WARNING - SecurePositionGoal: Could not get tile info for reachable tile (5, 8) for unit DAGDAR.
2025-04-21 14:27:38,592 - src.gameplay_systems.ai.tactical_executor - DEBUG - SecurePositionGoal: Evaluating tile (8, 7) score: -19 (Def: 1, Avo: 20)
2025-04-21 14:27:38,592 - src.gameplay_systems.ai.tactical_executor - WARNING - SecurePositionGoal: Could not get tile info for reachable tile (9, 6) for unit DAGDAR.
2025-04-21 14:27:38,592 - src.gameplay_systems.ai.tactical_executor - WARNING - SecurePositionGoal: Could not get tile info for reachable tile (6, 6) for unit DAGDAR.
2025-04-21 14:27:38,592 - src.gameplay_systems.ai.tactical_executor - WARNING - SecurePositionGoal: Could not get tile info for reachable tile (7, 5) for unit DAGDAR.
2025-04-21 14:27:38,593 - src.gameplay_systems.ai.tactical_executor - WARNING - SecurePositionGoal: Could not get tile info for reachable tile (6, 3) for unit DAGDAR.
2025-04-21 14:27:38,593 - src.gameplay_systems.ai.tactical_executor - DEBUG - SecurePositionGoal: Best defensive tile found: (7, 5) with score 0
2025-04-21 14:27:38,593 - src.gameplay_systems.ai.tactical_executor - INFO - SecurePositionGoal: Unit DAGDAR already at best position (7, 5). Waiting.
2025-04-21 14:27:38,593 - src.gameplay_systems.ai.tactical_executor - DEBUG - EXITING: _handle_secure_position_goal for unit DAGDAR - returning WAIT
2025-04-21 14:27:38,593 - src.gameplay_systems.ai.tactical_executor - INFO - Final action determined for unit DAGDAR: WAIT
2025-04-21 14:27:38,593 - src.gameplay_systems.ai.tactical_executor - DEBUG - EXITING: determine_action_for_goal for Unit DAGDAR - returning action WAIT
2025-04-21 14:27:38,593 - root - WARNING - CoreTurnManager not available for fatigue recording.
2025-04-21 14:27:38,593 - src.gameplay_systems.ai.tactical_executor - DEBUG - ENTERING: determine_action_for_goal for Unit SAIAS with goal HealUnitGoal, target_unit_id: TANYA
2025-04-21 14:27:38,593 - src.gameplay_systems.ai.tactical_executor - INFO - Tactical Execution: Unit SAIAS executing goal HealUnitGoal, target_unit_id: TANYA
2025-04-21 14:27:38,597 - src.gameplay_systems.ai.tactical_executor - INFO - Final movement decision for SAIAS: Move to (5, 6) to approach heal target TANYA
2025-04-21 14:27:38,597 - src.gameplay_systems.ai.tactical_executor - INFO - Final action determined for unit SAIAS: MOVE, path: [(6, 6), (5, 6)]
2025-04-21 14:27:38,597 - src.gameplay_systems.ai.tactical_executor - DEBUG - EXITING: determine_action_for_goal for Unit SAIAS - returning action MOVE
2025-04-21 14:27:38,604 - root - WARNING - CoreTurnManager not available for fatigue recording.
2025-04-21 14:27:38,605 - src.gameplay_systems.ai.tactical_executor - DEBUG - ENTERING: determine_action_for_goal for Unit TANYA with goal AdvanceToObjectiveGoal
2025-04-21 14:27:38,605 - src.gameplay_systems.ai.tactical_executor - INFO - Tactical Execution: Unit TANYA executing goal AdvanceToObjectiveGoal
2025-04-21 14:27:38,605 - src.gameplay_systems.ai.tactical_executor - DEBUG - ENTERING: _handle_advance_to_objective_goal for unit TANYA
2025-04-21 14:27:38,605 - src.gameplay_systems.ai.tactical_executor - ERROR - AdvanceToObjectiveGoal: Missing 'target_position' in goal parameters for unit TANYA.
2025-04-21 14:27:38,605 - src.gameplay_systems.ai.tactical_executor - DEBUG - EXITING: _handle_advance_to_objective_goal for unit TANYA - returning None (missing target)
2025-04-21 14:27:38,605 - src.gameplay_systems.ai.tactical_executor - WARNING - No valid action determined for unit TANYA with goal AdvanceToObjectiveGoal
2025-04-21 14:27:38,605 - src.gameplay_systems.ai.tactical_executor - DEBUG - EXITING: determine_action_for_goal for Unit TANYA - returning None
2025-04-21 14:27:38,605 - AI_SYSTEM - WARNING - No valid action found for Tanya
2025-04-21 14:27:38,605 - src.gameplay_systems.ai.tactical_executor - DEBUG - ENTERING: determine_action_for_goal for Unit LEIF with goal AttackUnitGoal, target_unit_id: LEIF
2025-04-21 14:27:38,605 - src.gameplay_systems.ai.tactical_executor - INFO - Tactical Execution: Unit LEIF executing goal AttackUnitGoal, target_unit_id: LEIF
2025-04-21 14:27:38,605 - src.gameplay_systems.ai.tactical_executor - WARNING - _handle_attack_unit_goal: Unit LEIF is attempting to target itself. Skipping.
2025-04-21 14:27:38,605 - src.gameplay_systems.ai.tactical_executor - DEBUG - EXITING: _handle_attack_unit_goal for unit LEIF - returning None (self-targeting)
2025-04-21 14:27:38,605 - src.gameplay_systems.ai.tactical_executor - WARNING - No valid action determined for unit LEIF with goal AttackUnitGoal, target_unit_id: LEIF
2025-04-21 14:27:38,605 - src.gameplay_systems.ai.tactical_executor - DEBUG - EXITING: determine_action_for_goal for Unit LEIF - returning None
2025-04-21 14:27:38,605 - AI_SYSTEM - WARNING - No valid action found for Leif
2025-04-21 14:27:38,605 - src.gameplay_systems.ai.tactical_executor - DEBUG - Unit FINN has already acted. Returning None.
2025-04-21 14:27:38,606 - AI_SYSTEM - WARNING - No valid action found for Finn
2025-04-21 14:27:38,606 - src.gameplay_systems.ai.tactical_executor - DEBUG - Unit NANNA has already acted. Returning None.
2025-04-21 14:27:38,606 - AI_SYSTEM - WARNING - No valid action found for Nanna
2025-04-21 14:27:38,606 - src.gameplay_systems.ai.tactical_executor - DEBUG - ENTERING: determine_action_for_goal for Unit HALVAN with goal AdvanceToObjectiveGoal
2025-04-21 14:27:38,606 - src.gameplay_systems.ai.tactical_executor - INFO - Tactical Execution: Unit HALVAN executing goal AdvanceToObjectiveGoal
2025-04-21 14:27:38,606 - src.gameplay_systems.ai.tactical_executor - DEBUG - ENTERING: _handle_advance_to_objective_goal for unit HALVAN
2025-04-21 14:27:38,606 - src.gameplay_systems.ai.tactical_executor - ERROR - AdvanceToObjectiveGoal: Missing 'target_position' in goal parameters for unit HALVAN.
2025-04-21 14:27:38,606 - src.gameplay_systems.ai.tactical_executor - DEBUG - EXITING: _handle_advance_to_objective_goal for unit HALVAN - returning None (missing target)
2025-04-21 14:27:38,606 - src.gameplay_systems.ai.tactical_executor - WARNING - No valid action determined for unit HALVAN with goal AdvanceToObjectiveGoal
2025-04-21 14:27:38,606 - src.gameplay_systems.ai.tactical_executor - DEBUG - EXITING: determine_action_for_goal for Unit HALVAN - returning None
2025-04-21 14:27:38,606 - AI_SYSTEM - WARNING - No valid action found for Halvan
2025-04-21 14:27:38,606 - src.gameplay_systems.ai.tactical_executor - DEBUG - Unit MAREETA has already acted. Returning None.
2025-04-21 14:27:38,606 - AI_SYSTEM - WARNING - No valid action found for Mareeta
2025-04-21 14:27:38,606 - src.gameplay_systems.ai.tactical_executor - DEBUG - Unit DAGDAR has already acted. Returning None.
2025-04-21 14:27:38,606 - AI_SYSTEM - WARNING - No valid action found for Dagdar
2025-04-21 14:27:38,607 - src.gameplay_systems.ai.tactical_executor - DEBUG - Unit SAIAS has already acted. Returning None.
2025-04-21 14:27:38,607 - AI_SYSTEM - WARNING - No valid action found for Saias
2025-04-21 14:27:38,607 - src.gameplay_systems.ai.tactical_executor - DEBUG - ENTERING: determine_action_for_goal for Unit TANYA with goal AdvanceToObjectiveGoal
2025-04-21 14:27:38,607 - src.gameplay_systems.ai.tactical_executor - INFO - Tactical Execution: Unit TANYA executing goal AdvanceToObjectiveGoal
2025-04-21 14:27:38,607 - src.gameplay_systems.ai.tactical_executor - DEBUG - ENTERING: _handle_advance_to_objective_goal for unit TANYA
2025-04-21 14:27:38,607 - src.gameplay_systems.ai.tactical_executor - ERROR - AdvanceToObjectiveGoal: Missing 'target_position' in goal parameters for unit TANYA.
2025-04-21 14:27:38,607 - src.gameplay_systems.ai.tactical_executor - DEBUG - EXITING: _handle_advance_to_objective_goal for unit TANYA - returning None (missing target)
2025-04-21 14:27:38,607 - src.gameplay_systems.ai.tactical_executor - WARNING - No valid action determined for unit TANYA with goal AdvanceToObjectiveGoal
2025-04-21 14:27:38,607 - src.gameplay_systems.ai.tactical_executor - DEBUG - EXITING: determine_action_for_goal for Unit TANYA - returning None
2025-04-21 14:27:38,607 - AI_SYSTEM - WARNING - No valid action found for Tanya
2025-04-21 14:27:38,607 - src.gameplay_systems.ai.tactical_executor - DEBUG - ENTERING: determine_action_for_goal for Unit LEIF with goal AttackUnitGoal, target_unit_id: LEIF
2025-04-21 14:27:38,607 - src.gameplay_systems.ai.tactical_executor - INFO - Tactical Execution: Unit LEIF executing goal AttackUnitGoal, target_unit_id: LEIF
2025-04-21 14:27:38,607 - src.gameplay_systems.ai.tactical_executor - WARNING - _handle_attack_unit_goal: Unit LEIF is attempting to target itself. Skipping.
2025-04-21 14:27:38,607 - src.gameplay_systems.ai.tactical_executor - DEBUG - EXITING: _handle_attack_unit_goal for unit LEIF - returning None (self-targeting)
2025-04-21 14:27:38,607 - src.gameplay_systems.ai.tactical_executor - WARNING - No valid action determined for unit LEIF with goal AttackUnitGoal, target_unit_id: LEIF
2025-04-21 14:27:38,607 - src.gameplay_systems.ai.tactical_executor - DEBUG - EXITING: determine_action_for_goal for Unit LEIF - returning None
2025-04-21 14:27:38,607 - AI_SYSTEM - WARNING - No valid action found for Leif
2025-04-21 14:27:38,608 - src.gameplay_systems.ai.tactical_executor - DEBUG - Unit FINN has already acted. Returning None.
2025-04-21 14:27:38,608 - AI_SYSTEM - WARNING - No valid action found for Finn
2025-04-21 14:27:38,608 - src.gameplay_systems.ai.tactical_executor - DEBUG - Unit NANNA has already acted. Returning None.
2025-04-21 14:27:38,608 - AI_SYSTEM - WARNING - No valid action found for Nanna
2025-04-21 14:27:38,608 - src.gameplay_systems.ai.tactical_executor - DEBUG - ENTERING: determine_action_for_goal for Unit HALVAN with goal AdvanceToObjectiveGoal
2025-04-21 14:27:38,608 - src.gameplay_systems.ai.tactical_executor - INFO - Tactical Execution: Unit HALVAN executing goal AdvanceToObjectiveGoal
2025-04-21 14:27:38,608 - src.gameplay_systems.ai.tactical_executor - DEBUG - ENTERING: _handle_advance_to_objective_goal for unit HALVAN
2025-04-21 14:27:38,608 - src.gameplay_systems.ai.tactical_executor - ERROR - AdvanceToObjectiveGoal: Missing 'target_position' in goal parameters for unit HALVAN.
2025-04-21 14:27:38,608 - src.gameplay_systems.ai.tactical_executor - DEBUG - EXITING: _handle_advance_to_objective_goal for unit HALVAN - returning None (missing target)
2025-04-21 14:27:38,608 - src.gameplay_systems.ai.tactical_executor - WARNING - No valid action determined for unit HALVAN with goal AdvanceToObjectiveGoal
2025-04-21 14:27:38,608 - src.gameplay_systems.ai.tactical_executor - DEBUG - EXITING: determine_action_for_goal for Unit HALVAN - returning None
2025-04-21 14:27:38,608 - AI_SYSTEM - WARNING - No valid action found for Halvan
2025-04-21 14:27:38,608 - src.gameplay_systems.ai.tactical_executor - DEBUG - Unit MAREETA has already acted. Returning None.
2025-04-21 14:27:38,608 - AI_SYSTEM - WARNING - No valid action found for Mareeta
2025-04-21 14:27:38,608 - src.gameplay_systems.ai.tactical_executor - DEBUG - Unit DAGDAR has already acted. Returning None.
2025-04-21 14:27:38,608 - AI_SYSTEM - WARNING - No valid action found for Dagdar
2025-04-21 14:27:38,609 - src.gameplay_systems.ai.tactical_executor - DEBUG - Unit SAIAS has already acted. Returning None.
2025-04-21 14:27:38,609 - AI_SYSTEM - WARNING - No valid action found for Saias
2025-04-21 14:27:38,609 - src.gameplay_systems.ai.tactical_executor - DEBUG - ENTERING: determine_action_for_goal for Unit TANYA with goal AdvanceToObjectiveGoal
2025-04-21 14:27:38,609 - src.gameplay_systems.ai.tactical_executor - INFO - Tactical Execution: Unit TANYA executing goal AdvanceToObjectiveGoal
2025-04-21 14:27:38,609 - src.gameplay_systems.ai.tactical_executor - DEBUG - ENTERING: _handle_advance_to_objective_goal for unit TANYA
2025-04-21 14:27:38,609 - src.gameplay_systems.ai.tactical_executor - ERROR - AdvanceToObjectiveGoal: Missing 'target_position' in goal parameters for unit TANYA.
2025-04-21 14:27:38,609 - src.gameplay_systems.ai.tactical_executor - DEBUG - EXITING: _handle_advance_to_objective_goal for unit TANYA - returning None (missing target)
2025-04-21 14:27:38,609 - src.gameplay_systems.ai.tactical_executor - WARNING - No valid action determined for unit TANYA with goal AdvanceToObjectiveGoal
2025-04-21 14:27:38,609 - src.gameplay_systems.ai.tactical_executor - DEBUG - EXITING: determine_action_for_goal for Unit TANYA - returning None
2025-04-21 14:27:38,609 - AI_SYSTEM - WARNING - No valid action found for Tanya
2025-04-21 14:27:38,609 - src.gameplay_systems.ai.tactical_executor - DEBUG - ENTERING: determine_action_for_goal for Unit LEIF with goal AttackUnitGoal, target_unit_id: LEIF
2025-04-21 14:27:38,609 - src.gameplay_systems.ai.tactical_executor - INFO - Tactical Execution: Unit LEIF executing goal AttackUnitGoal, target_unit_id: LEIF
2025-04-21 14:27:38,609 - src.gameplay_systems.ai.tactical_executor - WARNING - _handle_attack_unit_goal: Unit LEIF is attempting to target itself. Skipping.
2025-04-21 14:27:38,609 - src.gameplay_systems.ai.tactical_executor - DEBUG - EXITING: _handle_attack_unit_goal for unit LEIF - returning None (self-targeting)
2025-04-21 14:27:38,609 - src.gameplay_systems.ai.tactical_executor - WARNING - No valid action determined for unit LEIF with goal AttackUnitGoal, target_unit_id: LEIF
2025-04-21 14:27:38,609 - src.gameplay_systems.ai.tactical_executor - DEBUG - EXITING: determine_action_for_goal for Unit LEIF - returning None
2025-04-21 14:27:38,609 - AI_SYSTEM - WARNING - No valid action found for Leif
2025-04-21 14:27:38,610 - src.gameplay_systems.ai.tactical_executor - DEBUG - Unit FINN has already acted. Returning None.
2025-04-21 14:27:38,610 - AI_SYSTEM - WARNING - No valid action found for Finn
2025-04-21 14:27:38,610 - src.gameplay_systems.ai.tactical_executor - DEBUG - Unit NANNA has already acted. Returning None.
2025-04-21 14:27:38,610 - AI_SYSTEM - WARNING - No valid action found for Nanna
2025-04-21 14:27:38,610 - src.gameplay_systems.ai.tactical_executor - DEBUG - ENTERING: determine_action_for_goal for Unit HALVAN with goal AdvanceToObjectiveGoal
2025-04-21 14:27:38,610 - src.gameplay_systems.ai.tactical_executor - INFO - Tactical Execution: Unit HALVAN executing goal AdvanceToObjectiveGoal
2025-04-21 14:27:38,610 - src.gameplay_systems.ai.tactical_executor - DEBUG - ENTERING: _handle_advance_to_objective_goal for unit HALVAN
2025-04-21 14:27:38,610 - src.gameplay_systems.ai.tactical_executor - ERROR - AdvanceToObjectiveGoal: Missing 'target_position' in goal parameters for unit HALVAN.
2025-04-21 14:27:38,610 - src.gameplay_systems.ai.tactical_executor - DEBUG - EXITING: _handle_advance_to_objective_goal for unit HALVAN - returning None (missing target)
2025-04-21 14:27:38,610 - src.gameplay_systems.ai.tactical_executor - WARNING - No valid action determined for unit HALVAN with goal AdvanceToObjectiveGoal
2025-04-21 14:27:38,610 - src.gameplay_systems.ai.tactical_executor - DEBUG - EXITING: determine_action_for_goal for Unit HALVAN - returning None
2025-04-21 14:27:38,610 - AI_SYSTEM - WARNING - No valid action found for Halvan
2025-04-21 14:27:38,611 - src.gameplay_systems.ai.tactical_executor - DEBUG - Unit MAREETA has already acted. Returning None.
2025-04-21 14:27:38,611 - AI_SYSTEM - WARNING - No valid action found for Mareeta
2025-04-21 14:27:38,611 - src.gameplay_systems.ai.tactical_executor - DEBUG - Unit DAGDAR has already acted. Returning None.
2025-04-21 14:27:38,611 - AI_SYSTEM - WARNING - No valid action found for Dagdar
2025-04-21 14:27:38,611 - src.gameplay_systems.ai.tactical_executor - DEBUG - Unit SAIAS has already acted. Returning None.
2025-04-21 14:27:38,611 - AI_SYSTEM - WARNING - No valid action found for Saias
2025-04-21 14:27:38,611 - src.gameplay_systems.ai.tactical_executor - DEBUG - ENTERING: determine_action_for_goal for Unit TANYA with goal AdvanceToObjectiveGoal
2025-04-21 14:27:38,611 - src.gameplay_systems.ai.tactical_executor - INFO - Tactical Execution: Unit TANYA executing goal AdvanceToObjectiveGoal
2025-04-21 14:27:38,611 - src.gameplay_systems.ai.tactical_executor - DEBUG - ENTERING: _handle_advance_to_objective_goal for unit TANYA
2025-04-21 14:27:38,611 - src.gameplay_systems.ai.tactical_executor - ERROR - AdvanceToObjectiveGoal: Missing 'target_position' in goal parameters for unit TANYA.
2025-04-21 14:27:38,611 - src.gameplay_systems.ai.tactical_executor - DEBUG - EXITING: _handle_advance_to_objective_goal for unit TANYA - returning None (missing target)
2025-04-21 14:27:38,611 - src.gameplay_systems.ai.tactical_executor - WARNING - No valid action determined for unit TANYA with goal AdvanceToObjectiveGoal
2025-04-21 14:27:38,611 - src.gameplay_systems.ai.tactical_executor - DEBUG - EXITING: determine_action_for_goal for Unit TANYA - returning None
2025-04-21 14:27:38,611 - AI_SYSTEM - WARNING - No valid action found for Tanya
2025-04-21 14:27:38,612 - src.gameplay_systems.ai.tactical_executor - DEBUG - ENTERING: determine_action_for_goal for Unit LEIF with goal AttackUnitGoal, target_unit_id: LEIF
2025-04-21 14:27:38,612 - src.gameplay_systems.ai.tactical_executor - INFO - Tactical Execution: Unit LEIF executing goal AttackUnitGoal, target_unit_id: LEIF
2025-04-21 14:27:38,612 - src.gameplay_systems.ai.tactical_executor - WARNING - _handle_attack_unit_goal: Unit LEIF is attempting to target itself. Skipping.
2025-04-21 14:27:38,612 - src.gameplay_systems.ai.tactical_executor - DEBUG - EXITING: _handle_attack_unit_goal for unit LEIF - returning None (self-targeting)
2025-04-21 14:27:38,612 - src.gameplay_systems.ai.tactical_executor - WARNING - No valid action determined for unit LEIF with goal AttackUnitGoal, target_unit_id: LEIF
2025-04-21 14:27:38,612 - src.gameplay_systems.ai.tactical_executor - DEBUG - EXITING: determine_action_for_goal for Unit LEIF - returning None
2025-04-21 14:27:38,612 - AI_SYSTEM - WARNING - No valid action found for Leif
2025-04-21 14:27:38,612 - src.gameplay_systems.ai.tactical_executor - DEBUG - Unit FINN has already acted. Returning None.
2025-04-21 14:27:38,612 - AI_SYSTEM - WARNING - No valid action found for Finn
2025-04-21 14:27:38,612 - src.gameplay_systems.ai.tactical_executor - DEBUG - Unit NANNA has already acted. Returning None.
2025-04-21 14:27:38,612 - AI_SYSTEM - WARNING - No valid action found for Nanna
2025-04-21 14:27:38,612 - src.gameplay_systems.ai.tactical_executor - DEBUG - ENTERING: determine_action_for_goal for Unit HALVAN with goal AdvanceToObjectiveGoal
2025-04-21 14:27:38,612 - src.gameplay_systems.ai.tactical_executor - INFO - Tactical Execution: Unit HALVAN executing goal AdvanceToObjectiveGoal
2025-04-21 14:27:38,612 - src.gameplay_systems.ai.tactical_executor - DEBUG - ENTERING: _handle_advance_to_objective_goal for unit HALVAN
2025-04-21 14:27:38,612 - src.gameplay_systems.ai.tactical_executor - ERROR - AdvanceToObjectiveGoal: Missing 'target_position' in goal parameters for unit HALVAN.
2025-04-21 14:27:38,612 - src.gameplay_systems.ai.tactical_executor - DEBUG - EXITING: _handle_advance_to_objective_goal for unit HALVAN - returning None (missing target)
2025-04-21 14:27:38,612 - src.gameplay_systems.ai.tactical_executor - WARNING - No valid action determined for unit HALVAN with goal AdvanceToObjectiveGoal
2025-04-21 14:27:38,612 - src.gameplay_systems.ai.tactical_executor - DEBUG - EXITING: determine_action_for_goal for Unit HALVAN - returning None
2025-04-21 14:27:38,613 - AI_SYSTEM - WARNING - No valid action found for Halvan
2025-04-21 14:27:38,613 - src.gameplay_systems.ai.tactical_executor - DEBUG - Unit MAREETA has already acted. Returning None.
2025-04-21 14:27:38,613 - AI_SYSTEM - WARNING - No valid action found for Mareeta
2025-04-21 14:27:38,613 - src.gameplay_systems.ai.tactical_executor - DEBUG - Unit DAGDAR has already acted. Returning None.
2025-04-21 14:27:38,613 - AI_SYSTEM - WARNING - No valid action found for Dagdar
2025-04-21 14:27:38,613 - src.gameplay_systems.ai.tactical_executor - DEBUG - Unit SAIAS has already acted. Returning None.
2025-04-21 14:27:38,613 - AI_SYSTEM - WARNING - No valid action found for Saias
2025-04-21 14:27:38,613 - src.gameplay_systems.ai.tactical_executor - DEBUG - ENTERING: determine_action_for_goal for Unit TANYA with goal AdvanceToObjectiveGoal
2025-04-21 14:27:38,613 - src.gameplay_systems.ai.tactical_executor - INFO - Tactical Execution: Unit TANYA executing goal AdvanceToObjectiveGoal
2025-04-21 14:27:38,613 - src.gameplay_systems.ai.tactical_executor - DEBUG - ENTERING: _handle_advance_to_objective_goal for unit TANYA
2025-04-21 14:27:38,613 - src.gameplay_systems.ai.tactical_executor - ERROR - AdvanceToObjectiveGoal: Missing 'target_position' in goal parameters for unit TANYA.
2025-04-21 14:27:38,613 - src.gameplay_systems.ai.tactical_executor - DEBUG - EXITING: _handle_advance_to_objective_goal for unit TANYA - returning None (missing target)
2025-04-21 14:27:38,613 - src.gameplay_systems.ai.tactical_executor - WARNING - No valid action determined for unit TANYA with goal AdvanceToObjectiveGoal
2025-04-21 14:27:38,613 - src.gameplay_systems.ai.tactical_executor - DEBUG - EXITING: determine_action_for_goal for Unit TANYA - returning None
2025-04-21 14:27:38,613 - AI_SYSTEM - WARNING - No valid action found for Tanya
2025-04-21 14:27:38,613 - src.gameplay_systems.ai.tactical_executor - DEBUG - ENTERING: determine_action_for_goal for Unit LEIF with goal AttackUnitGoal, target_unit_id: LEIF
2025-04-21 14:27:38,613 - src.gameplay_systems.ai.tactical_executor - INFO - Tactical Execution: Unit LEIF executing goal AttackUnitGoal, target_unit_id: LEIF
2025-04-21 14:27:38,613 - src.gameplay_systems.ai.tactical_executor - WARNING - _handle_attack_unit_goal: Unit LEIF is attempting to target itself. Skipping.
2025-04-21 14:27:38,613 - src.gameplay_systems.ai.tactical_executor - DEBUG - EXITING: _handle_attack_unit_goal for unit LEIF - returning None (self-targeting)
2025-04-21 14:27:38,614 - src.gameplay_systems.ai.tactical_executor - WARNING - No valid action determined for unit LEIF with goal AttackUnitGoal, target_unit_id: LEIF
2025-04-21 14:27:38,614 - src.gameplay_systems.ai.tactical_executor - DEBUG - EXITING: determine_action_for_goal for Unit LEIF - returning None
2025-04-21 14:27:38,614 - AI_SYSTEM - WARNING - No valid action found for Leif
2025-04-21 14:27:38,614 - src.gameplay_systems.ai.tactical_executor - DEBUG - Unit FINN has already acted. Returning None.
2025-04-21 14:27:38,614 - AI_SYSTEM - WARNING - No valid action found for Finn
2025-04-21 14:27:38,614 - src.gameplay_systems.ai.tactical_executor - DEBUG - Unit NANNA has already acted. Returning None.
2025-04-21 14:27:38,615 - AI_SYSTEM - WARNING - No valid action found for Nanna
2025-04-21 14:27:38,615 - src.gameplay_systems.ai.tactical_executor - DEBUG - ENTERING: determine_action_for_goal for Unit HALVAN with goal AdvanceToObjectiveGoal
2025-04-21 14:27:38,615 - src.gameplay_systems.ai.tactical_executor - INFO - Tactical Execution: Unit HALVAN executing goal AdvanceToObjectiveGoal
2025-04-21 14:27:38,615 - src.gameplay_systems.ai.tactical_executor - DEBUG - ENTERING: _handle_advance_to_objective_goal for unit HALVAN
2025-04-21 14:27:38,615 - src.gameplay_systems.ai.tactical_executor - ERROR - AdvanceToObjectiveGoal: Missing 'target_position' in goal parameters for unit HALVAN.
2025-04-21 14:27:38,616 - src.gameplay_systems.ai.tactical_executor - DEBUG - EXITING: _handle_advance_to_objective_goal for unit HALVAN - returning None (missing target)
2025-04-21 14:27:38,616 - src.gameplay_systems.ai.tactical_executor - WARNING - No valid action determined for unit HALVAN with goal AdvanceToObjectiveGoal
2025-04-21 14:27:38,616 - src.gameplay_systems.ai.tactical_executor - DEBUG - EXITING: determine_action_for_goal for Unit HALVAN - returning None
2025-04-21 14:27:38,616 - AI_SYSTEM - WARNING - No valid action found for Halvan
2025-04-21 14:27:38,616 - src.gameplay_systems.ai.tactical_executor - DEBUG - Unit MAREETA has already acted. Returning None.
2025-04-21 14:27:38,616 - AI_SYSTEM - WARNING - No valid action found for Mareeta
2025-04-21 14:27:38,616 - src.gameplay_systems.ai.tactical_executor - DEBUG - Unit DAGDAR has already acted. Returning None.
2025-04-21 14:27:38,616 - AI_SYSTEM - WARNING - No valid action found for Dagdar
2025-04-21 14:27:38,617 - src.gameplay_systems.ai.tactical_executor - DEBUG - Unit SAIAS has already acted. Returning None.
2025-04-21 14:27:38,617 - AI_SYSTEM - WARNING - No valid action found for Saias
2025-04-21 14:27:38,617 - src.gameplay_systems.ai.tactical_executor - DEBUG - ENTERING: determine_action_for_goal for Unit TANYA with goal AdvanceToObjectiveGoal
2025-04-21 14:27:38,617 - src.gameplay_systems.ai.tactical_executor - INFO - Tactical Execution: Unit TANYA executing goal AdvanceToObjectiveGoal
2025-04-21 14:27:38,617 - src.gameplay_systems.ai.tactical_executor - DEBUG - ENTERING: _handle_advance_to_objective_goal for unit TANYA
2025-04-21 14:27:38,617 - src.gameplay_systems.ai.tactical_executor - ERROR - AdvanceToObjectiveGoal: Missing 'target_position' in goal parameters for unit TANYA.
2025-04-21 14:27:38,618 - src.gameplay_systems.ai.tactical_executor - DEBUG - EXITING: _handle_advance_to_objective_goal for unit TANYA - returning None (missing target)
2025-04-21 14:27:38,618 - src.gameplay_systems.ai.tactical_executor - WARNING - No valid action determined for unit TANYA with goal AdvanceToObjectiveGoal
2025-04-21 14:27:38,618 - src.gameplay_systems.ai.tactical_executor - DEBUG - EXITING: determine_action_for_goal for Unit TANYA - returning None
2025-04-21 14:27:38,618 - AI_SYSTEM - WARNING - No valid action found for Tanya
2025-04-21 14:27:38,618 - src.gameplay_systems.ai.tactical_executor - DEBUG - ENTERING: determine_action_for_goal for Unit LEIF with goal AttackUnitGoal, target_unit_id: LEIF
2025-04-21 14:27:38,618 - src.gameplay_systems.ai.tactical_executor - INFO - Tactical Execution: Unit LEIF executing goal AttackUnitGoal, target_unit_id: LEIF
2025-04-21 14:27:38,618 - src.gameplay_systems.ai.tactical_executor - WARNING - _handle_attack_unit_goal: Unit LEIF is attempting to target itself. Skipping.
2025-04-21 14:27:38,619 - src.gameplay_systems.ai.tactical_executor - DEBUG - EXITING: _handle_attack_unit_goal for unit LEIF - returning None (self-targeting)
2025-04-21 14:27:38,619 - src.gameplay_systems.ai.tactical_executor - WARNING - No valid action determined for unit LEIF with goal AttackUnitGoal, target_unit_id: LEIF
2025-04-21 14:27:38,619 - src.gameplay_systems.ai.tactical_executor - DEBUG - EXITING: determine_action_for_goal for Unit LEIF - returning None
2025-04-21 14:27:38,619 - AI_SYSTEM - WARNING - No valid action found for Leif
2025-04-21 14:27:38,619 - src.gameplay_systems.ai.tactical_executor - DEBUG - Unit FINN has already acted. Returning None.
2025-04-21 14:27:38,619 - AI_SYSTEM - WARNING - No valid action found for Finn
2025-04-21 14:27:38,619 - src.gameplay_systems.ai.tactical_executor - DEBUG - Unit NANNA has already acted. Returning None.
2025-04-21 14:27:38,619 - AI_SYSTEM - WARNING - No valid action found for Nanna
2025-04-21 14:27:38,620 - src.gameplay_systems.ai.tactical_executor - DEBUG - ENTERING: determine_action_for_goal for Unit HALVAN with goal AdvanceToObjectiveGoal
2025-04-21 14:27:38,620 - src.gameplay_systems.ai.tactical_executor - INFO - Tactical Execution: Unit HALVAN executing goal AdvanceToObjectiveGoal
2025-04-21 14:27:38,620 - src.gameplay_systems.ai.tactical_executor - DEBUG - ENTERING: _handle_advance_to_objective_goal for unit HALVAN
2025-04-21 14:27:38,620 - src.gameplay_systems.ai.tactical_executor - ERROR - AdvanceToObjectiveGoal: Missing 'target_position' in goal parameters for unit HALVAN.
2025-04-21 14:27:38,620 - src.gameplay_systems.ai.tactical_executor - DEBUG - EXITING: _handle_advance_to_objective_goal for unit HALVAN - returning None (missing target)
2025-04-21 14:27:38,620 - src.gameplay_systems.ai.tactical_executor - WARNING - No valid action determined for unit HALVAN with goal AdvanceToObjectiveGoal
2025-04-21 14:27:38,620 - src.gameplay_systems.ai.tactical_executor - DEBUG - EXITING: determine_action_for_goal for Unit HALVAN - returning None
2025-04-21 14:27:38,620 - AI_SYSTEM - WARNING - No valid action found for Halvan
2025-04-21 14:27:38,620 - src.gameplay_systems.ai.tactical_executor - DEBUG - Unit MAREETA has already acted. Returning None.
2025-04-21 14:27:38,621 - AI_SYSTEM - WARNING - No valid action found for Mareeta
2025-04-21 14:27:38,621 - src.gameplay_systems.ai.tactical_executor - DEBUG - Unit DAGDAR has already acted. Returning None.
2025-04-21 14:27:38,621 - AI_SYSTEM - WARNING - No valid action found for Dagdar
2025-04-21 14:27:38,621 - src.gameplay_systems.ai.tactical_executor - DEBUG - Unit SAIAS has already acted. Returning None.
2025-04-21 14:27:38,621 - AI_SYSTEM - WARNING - No valid action found for Saias
2025-04-21 14:27:38,621 - src.gameplay_systems.ai.tactical_executor - DEBUG - ENTERING: determine_action_for_goal for Unit TANYA with goal AdvanceToObjectiveGoal
2025-04-21 14:27:38,621 - src.gameplay_systems.ai.tactical_executor - INFO - Tactical Execution: Unit TANYA executing goal AdvanceToObjectiveGoal
2025-04-21 14:27:38,621 - src.gameplay_systems.ai.tactical_executor - DEBUG - ENTERING: _handle_advance_to_objective_goal for unit TANYA
2025-04-21 14:27:38,621 - src.gameplay_systems.ai.tactical_executor - ERROR - AdvanceToObjectiveGoal: Missing 'target_position' in goal parameters for unit TANYA.
2025-04-21 14:27:38,621 - src.gameplay_systems.ai.tactical_executor - DEBUG - EXITING: _handle_advance_to_objective_goal for unit TANYA - returning None (missing target)
2025-04-21 14:27:38,621 - src.gameplay_systems.ai.tactical_executor - WARNING - No valid action determined for unit TANYA with goal AdvanceToObjectiveGoal
2025-04-21 14:27:38,621 - src.gameplay_systems.ai.tactical_executor - DEBUG - EXITING: determine_action_for_goal for Unit TANYA - returning None
2025-04-21 14:27:38,621 - AI_SYSTEM - WARNING - No valid action found for Tanya
2025-04-21 14:27:38,621 - src.gameplay_systems.ai.tactical_executor - DEBUG - ENTERING: determine_action_for_goal for Unit LEIF with goal AttackUnitGoal, target_unit_id: LEIF
2025-04-21 14:27:38,621 - src.gameplay_systems.ai.tactical_executor - INFO - Tactical Execution: Unit LEIF executing goal AttackUnitGoal, target_unit_id: LEIF
2025-04-21 14:27:38,621 - src.gameplay_systems.ai.tactical_executor - WARNING - _handle_attack_unit_goal: Unit LEIF is attempting to target itself. Skipping.
2025-04-21 14:27:38,621 - src.gameplay_systems.ai.tactical_executor - DEBUG - EXITING: _handle_attack_unit_goal for unit LEIF - returning None (self-targeting)
2025-04-21 14:27:38,621 - src.gameplay_systems.ai.tactical_executor - WARNING - No valid action determined for unit LEIF with goal AttackUnitGoal, target_unit_id: LEIF
2025-04-21 14:27:38,621 - src.gameplay_systems.ai.tactical_executor - DEBUG - EXITING: determine_action_for_goal for Unit LEIF - returning None
2025-04-21 14:27:38,621 - AI_SYSTEM - WARNING - No valid action found for Leif
2025-04-21 14:27:38,622 - src.gameplay_systems.ai.tactical_executor - DEBUG - Unit FINN has already acted. Returning None.
2025-04-21 14:27:38,622 - AI_SYSTEM - WARNING - No valid action found for Finn
2025-04-21 14:27:38,622 - src.gameplay_systems.ai.tactical_executor - DEBUG - Unit NANNA has already acted. Returning None.
2025-04-21 14:27:38,622 - AI_SYSTEM - WARNING - No valid action found for Nanna
2025-04-21 14:27:38,622 - src.gameplay_systems.ai.tactical_executor - DEBUG - ENTERING: determine_action_for_goal for Unit HALVAN with goal AdvanceToObjectiveGoal
2025-04-21 14:27:38,622 - src.gameplay_systems.ai.tactical_executor - INFO - Tactical Execution: Unit HALVAN executing goal AdvanceToObjectiveGoal
2025-04-21 14:27:38,622 - src.gameplay_systems.ai.tactical_executor - DEBUG - ENTERING: _handle_advance_to_objective_goal for unit HALVAN
2025-04-21 14:27:38,622 - src.gameplay_systems.ai.tactical_executor - ERROR - AdvanceToObjectiveGoal: Missing 'target_position' in goal parameters for unit HALVAN.
2025-04-21 14:27:38,622 - src.gameplay_systems.ai.tactical_executor - DEBUG - EXITING: _handle_advance_to_objective_goal for unit HALVAN - returning None (missing target)
2025-04-21 14:27:38,622 - src.gameplay_systems.ai.tactical_executor - WARNING - No valid action determined for unit HALVAN with goal AdvanceToObjectiveGoal
2025-04-21 14:27:38,622 - src.gameplay_systems.ai.tactical_executor - DEBUG - EXITING: determine_action_for_goal for Unit HALVAN - returning None
2025-04-21 14:27:38,622 - AI_SYSTEM - WARNING - No valid action found for Halvan
2025-04-21 14:27:38,622 - src.gameplay_systems.ai.tactical_executor - DEBUG - Unit MAREETA has already acted. Returning None.
2025-04-21 14:27:38,622 - AI_SYSTEM - WARNING - No valid action found for Mareeta
2025-04-21 14:27:38,622 - src.gameplay_systems.ai.tactical_executor - DEBUG - Unit DAGDAR has already acted. Returning None.
2025-04-21 14:27:38,623 - AI_SYSTEM - WARNING - No valid action found for Dagdar
2025-04-21 14:27:38,623 - src.gameplay_systems.ai.tactical_executor - DEBUG - Unit SAIAS has already acted. Returning None.
2025-04-21 14:27:38,623 - AI_SYSTEM - WARNING - No valid action found for Saias
2025-04-21 14:27:38,623 - src.gameplay_systems.ai.tactical_executor - DEBUG - ENTERING: determine_action_for_goal for Unit TANYA with goal AdvanceToObjectiveGoal
2025-04-21 14:27:38,623 - src.gameplay_systems.ai.tactical_executor - INFO - Tactical Execution: Unit TANYA executing goal AdvanceToObjectiveGoal
2025-04-21 14:27:38,623 - src.gameplay_systems.ai.tactical_executor - DEBUG - ENTERING: _handle_advance_to_objective_goal for unit TANYA
2025-04-21 14:27:38,623 - src.gameplay_systems.ai.tactical_executor - ERROR - AdvanceToObjectiveGoal: Missing 'target_position' in goal parameters for unit TANYA.
2025-04-21 14:27:38,623 - src.gameplay_systems.ai.tactical_executor - DEBUG - EXITING: _handle_advance_to_objective_goal for unit TANYA - returning None (missing target)
2025-04-21 14:27:38,623 - src.gameplay_systems.ai.tactical_executor - WARNING - No valid action determined for unit TANYA with goal AdvanceToObjectiveGoal
2025-04-21 14:27:38,623 - src.gameplay_systems.ai.tactical_executor - DEBUG - EXITING: determine_action_for_goal for Unit TANYA - returning None
2025-04-21 14:27:38,623 - AI_SYSTEM - WARNING - No valid action found for Tanya
2025-04-21 14:27:38,623 - src.gameplay_systems.ai.tactical_executor - DEBUG - ENTERING: determine_action_for_goal for Unit LEIF with goal AttackUnitGoal, target_unit_id: LEIF
2025-04-21 14:27:38,623 - src.gameplay_systems.ai.tactical_executor - INFO - Tactical Execution: Unit LEIF executing goal AttackUnitGoal, target_unit_id: LEIF
2025-04-21 14:27:38,623 - src.gameplay_systems.ai.tactical_executor - WARNING - _handle_attack_unit_goal: Unit LEIF is attempting to target itself. Skipping.
2025-04-21 14:27:38,623 - src.gameplay_systems.ai.tactical_executor - DEBUG - EXITING: _handle_attack_unit_goal for unit LEIF - returning None (self-targeting)
2025-04-21 14:27:38,623 - src.gameplay_systems.ai.tactical_executor - WARNING - No valid action determined for unit LEIF with goal AttackUnitGoal, target_unit_id: LEIF
2025-04-21 14:27:38,623 - src.gameplay_systems.ai.tactical_executor - DEBUG - EXITING: determine_action_for_goal for Unit LEIF - returning None
2025-04-21 14:27:38,623 - AI_SYSTEM - WARNING - No valid action found for Leif
2025-04-21 14:27:38,623 - src.gameplay_systems.ai.tactical_executor - DEBUG - Unit FINN has already acted. Returning None.
2025-04-21 14:27:38,623 - AI_SYSTEM - WARNING - No valid action found for Finn
2025-04-21 14:27:38,623 - src.gameplay_systems.ai.tactical_executor - DEBUG - Unit NANNA has already acted. Returning None.
2025-04-21 14:27:38,624 - AI_SYSTEM - WARNING - No valid action found for Nanna
2025-04-21 14:27:38,624 - src.gameplay_systems.ai.tactical_executor - DEBUG - ENTERING: determine_action_for_goal for Unit HALVAN with goal AdvanceToObjectiveGoal
2025-04-21 14:27:38,624 - src.gameplay_systems.ai.tactical_executor - INFO - Tactical Execution: Unit HALVAN executing goal AdvanceToObjectiveGoal
2025-04-21 14:27:38,624 - src.gameplay_systems.ai.tactical_executor - DEBUG - ENTERING: _handle_advance_to_objective_goal for unit HALVAN
2025-04-21 14:27:38,624 - src.gameplay_systems.ai.tactical_executor - ERROR - AdvanceToObjectiveGoal: Missing 'target_position' in goal parameters for unit HALVAN.
2025-04-21 14:27:38,624 - src.gameplay_systems.ai.tactical_executor - DEBUG - EXITING: _handle_advance_to_objective_goal for unit HALVAN - returning None (missing target)
2025-04-21 14:27:38,624 - src.gameplay_systems.ai.tactical_executor - WARNING - No valid action determined for unit HALVAN with goal AdvanceToObjectiveGoal
2025-04-21 14:27:38,624 - src.gameplay_systems.ai.tactical_executor - DEBUG - EXITING: determine_action_for_goal for Unit HALVAN - returning None
2025-04-21 14:27:38,624 - AI_SYSTEM - WARNING - No valid action found for Halvan
2025-04-21 14:27:38,624 - src.gameplay_systems.ai.tactical_executor - DEBUG - Unit MAREETA has already acted. Returning None.
2025-04-21 14:27:38,624 - AI_SYSTEM - WARNING - No valid action found for Mareeta
2025-04-21 14:27:38,624 - src.gameplay_systems.ai.tactical_executor - DEBUG - Unit DAGDAR has already acted. Returning None.
2025-04-21 14:27:38,624 - AI_SYSTEM - WARNING - No valid action found for Dagdar
2025-04-21 14:27:38,624 - src.gameplay_systems.ai.tactical_executor - DEBUG - Unit SAIAS has already acted. Returning None.
2025-04-21 14:27:38,624 - AI_SYSTEM - WARNING - No valid action found for Saias
2025-04-21 14:27:38,624 - src.gameplay_systems.ai.tactical_executor - DEBUG - ENTERING: determine_action_for_goal for Unit TANYA with goal AdvanceToObjectiveGoal
2025-04-21 14:27:38,624 - src.gameplay_systems.ai.tactical_executor - INFO - Tactical Execution: Unit TANYA executing goal AdvanceToObjectiveGoal
2025-04-21 14:27:38,624 - src.gameplay_systems.ai.tactical_executor - DEBUG - ENTERING: _handle_advance_to_objective_goal for unit TANYA
2025-04-21 14:27:38,624 - src.gameplay_systems.ai.tactical_executor - ERROR - AdvanceToObjectiveGoal: Missing 'target_position' in goal parameters for unit TANYA.
2025-04-21 14:27:38,624 - src.gameplay_systems.ai.tactical_executor - DEBUG - EXITING: _handle_advance_to_objective_goal for unit TANYA - returning None (missing target)
2025-04-21 14:27:38,625 - src.gameplay_systems.ai.tactical_executor - WARNING - No valid action determined for unit TANYA with goal AdvanceToObjectiveGoal
2025-04-21 14:27:38,625 - src.gameplay_systems.ai.tactical_executor - DEBUG - EXITING: determine_action_for_goal for Unit TANYA - returning None
2025-04-21 14:27:38,625 - AI_SYSTEM - WARNING - No valid action found for Tanya
2025-04-21 14:27:38,625 - src.gameplay_systems.ai.tactical_executor - DEBUG - ENTERING: determine_action_for_goal for Unit LEIF with goal AttackUnitGoal, target_unit_id: LEIF
2025-04-21 14:27:38,625 - src.gameplay_systems.ai.tactical_executor - INFO - Tactical Execution: Unit LEIF executing goal AttackUnitGoal, target_unit_id: LEIF
2025-04-21 14:27:38,625 - src.gameplay_systems.ai.tactical_executor - WARNING - _handle_attack_unit_goal: Unit LEIF is attempting to target itself. Skipping.
2025-04-21 14:27:38,625 - src.gameplay_systems.ai.tactical_executor - DEBUG - EXITING: _handle_attack_unit_goal for unit LEIF - returning None (self-targeting)
2025-04-21 14:27:38,625 - src.gameplay_systems.ai.tactical_executor - WARNING - No valid action determined for unit LEIF with goal AttackUnitGoal, target_unit_id: LEIF
2025-04-21 14:27:38,625 - src.gameplay_systems.ai.tactical_executor - DEBUG - EXITING: determine_action_for_goal for Unit LEIF - returning None
2025-04-21 14:27:38,625 - AI_SYSTEM - WARNING - No valid action found for Leif
2025-04-21 14:27:38,625 - src.gameplay_systems.ai.tactical_executor - DEBUG - Unit FINN has already acted. Returning None.
2025-04-21 14:27:38,625 - AI_SYSTEM - WARNING - No valid action found for Finn
2025-04-21 14:27:38,625 - src.gameplay_systems.ai.tactical_executor - DEBUG - Unit NANNA has already acted. Returning None.
2025-04-21 14:27:38,625 - AI_SYSTEM - WARNING - No valid action found for Nanna
2025-04-21 14:27:38,625 - src.gameplay_systems.ai.tactical_executor - DEBUG - ENTERING: determine_action_for_goal for Unit HALVAN with goal AdvanceToObjectiveGoal
2025-04-21 14:27:38,625 - src.gameplay_systems.ai.tactical_executor - INFO - Tactical Execution: Unit HALVAN executing goal AdvanceToObjectiveGoal
2025-04-21 14:27:38,625 - src.gameplay_systems.ai.tactical_executor - DEBUG - ENTERING: _handle_advance_to_objective_goal for unit HALVAN
2025-04-21 14:27:38,625 - src.gameplay_systems.ai.tactical_executor - ERROR - AdvanceToObjectiveGoal: Missing 'target_position' in goal parameters for unit HALVAN.
2025-04-21 14:27:38,625 - src.gameplay_systems.ai.tactical_executor - DEBUG - EXITING: _handle_advance_to_objective_goal for unit HALVAN - returning None (missing target)
2025-04-21 14:27:38,625 - src.gameplay_systems.ai.tactical_executor - WARNING - No valid action determined for unit HALVAN with goal AdvanceToObjectiveGoal
2025-04-21 14:27:38,626 - src.gameplay_systems.ai.tactical_executor - DEBUG - EXITING: determine_action_for_goal for Unit HALVAN - returning None
2025-04-21 14:27:38,626 - AI_SYSTEM - WARNING - No valid action found for Halvan
2025-04-21 14:27:38,626 - src.gameplay_systems.ai.tactical_executor - DEBUG - Unit MAREETA has already acted. Returning None.
2025-04-21 14:27:38,626 - AI_SYSTEM - WARNING - No valid action found for Mareeta
2025-04-21 14:27:38,626 - src.gameplay_systems.ai.tactical_executor - DEBUG - Unit DAGDAR has already acted. Returning None.
2025-04-21 14:27:38,626 - AI_SYSTEM - WARNING - No valid action found for Dagdar
2025-04-21 14:27:38,626 - src.gameplay_systems.ai.tactical_executor - DEBUG - Unit SAIAS has already acted. Returning None.
2025-04-21 14:27:38,626 - AI_SYSTEM - WARNING - No valid action found for Saias
2025-04-21 14:27:38,626 - src.gameplay_systems.ai.tactical_executor - DEBUG - ENTERING: determine_action_for_goal for Unit TANYA with goal AdvanceToObjectiveGoal
2025-04-21 14:27:38,626 - src.gameplay_systems.ai.tactical_executor - INFO - Tactical Execution: Unit TANYA executing goal AdvanceToObjectiveGoal
2025-04-21 14:27:38,626 - src.gameplay_systems.ai.tactical_executor - DEBUG - ENTERING: _handle_advance_to_objective_goal for unit TANYA
2025-04-21 14:27:38,626 - src.gameplay_systems.ai.tactical_executor - ERROR - AdvanceToObjectiveGoal: Missing 'target_position' in goal parameters for unit TANYA.
2025-04-21 14:27:38,626 - src.gameplay_systems.ai.tactical_executor - DEBUG - EXITING: _handle_advance_to_objective_goal for unit TANYA - returning None (missing target)
2025-04-21 14:27:38,626 - src.gameplay_systems.ai.tactical_executor - WARNING - No valid action determined for unit TANYA with goal AdvanceToObjectiveGoal
2025-04-21 14:27:38,626 - src.gameplay_systems.ai.tactical_executor - DEBUG - EXITING: determine_action_for_goal for Unit TANYA - returning None
2025-04-21 14:27:38,626 - AI_SYSTEM - WARNING - No valid action found for Tanya
2025-04-21 14:27:38,734 - src.gameplay_systems.ai.tactical_executor - DEBUG - TacticalExecutor initialized.
2025-04-21 14:27:38,734 - src.gameplay_systems.ai.tactical_executor - DEBUG - Using provided CombatSystem.
2025-04-21 14:27:38,734 - src.gameplay_systems.ai.tactical_executor - DEBUG - Using provided HealingSystem.
2025-04-21 14:27:38,734 - src.gameplay_systems.ai.tactical_executor - DEBUG - TacticalExecutor initialized.
2025-04-21 14:27:38,734 - src.gameplay_systems.ai.tactical_executor - DEBUG - Using MockCombatSystem.
2025-04-21 14:27:38,734 - src.gameplay_systems.ai.tactical_executor - DEBUG - Using MockHealingSystem.
