C:\Users\camd1\AppData\Local\Programs\Python\Python312\Lib\site-packages\pytest_asyncio\plugin.py:208: PytestDeprecationWarning: The configuration option "asyncio_default_fixture_loop_scope" is unset.
The event loop scope for asynchronous fixtures will default to the fixture caching scope. Future versions of pytest-asyncio will default the loop scope for asynchronous fixtures to function scope. Set the default fixture loop scope explicitly in order to avoid unexpected behavior in the future. Valid fixture loop scopes are: "function", "class", "module", "package", "session"

  warnings.warn(PytestDeprecationWarning(_DEFAULT_FIXTURE_LOOP_SCOPE_UNSET))
============================= test session starts =============================
platform win32 -- Python 3.12.3, pytest-8.3.3, pluggy-1.5.0 -- C:\Users\camd1\AppData\Local\Programs\Python\Python312\python.exe
cachedir: .pytest_cache
rootdir: C:\Users\camd1\OneDrive\Documents\FantasyTacticsGame-1
plugins: anyio-4.6.2.post1, asyncio-0.24.0, cov-6.0.0
asyncio: mode=Mode.STRICT, default_loop_scope=None
collecting ... collected 2 items

test_ai_vs_ai.py::TestAIvsAI::test_ai_vs_ai_simulation PASSED            [ 50%]
test_ai_vs_ai.py::TestAIvsAI::test_ai_goal_selection PASSED              [100%]

============================== warnings summary ===============================
test_ai_vs_ai.py::TestAIvsAI::test_ai_vs_ai_simulation
  C:\Users\camd1\AppData\Local\Programs\Python\Python312\Lib\site-packages\_pytest\python.py:163: PytestReturnNotNoneWarning: Expected None, but test_ai_vs_ai.py::TestAIvsAI::test_ai_vs_ai_simulation returned {'turns_completed': 0, 'player_units_remaining': 0, 'enemy_units_remaining': 0}, which will be an error in a future version of pytest.  Did you mean to use `assert` instead of `return`?
    warnings.warn(

-- Docs: https://docs.pytest.org/en/stable/how-to/capture-warnings.html
======================== 2 passed, 1 warning in 0.28s =========================
